src/components/TournamentResult.tsx(25,104): error TS6133: 'totalPrizePool' is declared but its value is never read.
src/contexts/AuthContext.tsx(10,11): error TS6133: 'FirebaseUser' is declared but its value is never read.
src/pages/CreateMatch.tsx(78,22): error TS2339: Property 'fullName' does not exist on type 'User'.
src/pages/CreateMatch.tsx(78,39): error TS2339: Property 'firstName' does not exist on type 'User'.
src/pages/CreateMatch.tsx(79,22): error TS2339: Property 'imageUrl' does not exist on type 'User'.
src/pages/CreateTournament.tsx(4,35): error TS2307: Cannot find module '@/services/TournamentService' or its corresponding type declarations.
src/pages/CreateTournament.tsx(70,19): error TS6133: 'result' is declared but its value is never read.
src/pages/Dashboard.tsx(129,85): error TS2339: Property 'firstName' does not exist on type 'User'.
src/pages/Dashboard.tsx(137,12): error TS2304: Cannot find name 'UserButton'.
src/pages/Dashboard.tsx(166,14): error TS2304: Cannot find name 'UserButton'.
src/pages/Dashboard.tsx(168,64): error TS2339: Property 'fullName' does not exist on type 'User'.
src/pages/Dashboard.tsx(169,87): error TS2339: Property 'primaryEmailAddress' does not exist on type 'User'.
src/pages/Dashboard.tsx(180,68): error TS2339: Property 'firstName' does not exist on type 'User'.
src/pages/PlayHub.tsx(68,28): error TS2339: Property 'fullName' does not exist on type 'User'.
src/pages/PlayHub.tsx(68,45): error TS2339: Property 'username' does not exist on type 'User'.
src/pages/PlayHub.tsx(69,30): error TS2339: Property 'imageUrl' does not exist on type 'User'.
src/pages/ProfilePage.tsx(20,5): error TS6133: 'User' is declared but its value is never read.
src/pages/PublicLobbies.tsx(62,32): error TS2339: Property 'fullName' does not exist on type 'User'.
src/pages/PublicLobbies.tsx(62,49): error TS2339: Property 'firstName' does not exist on type 'User'.
src/pages/PublicLobbies.tsx(63,34): error TS2339: Property 'imageUrl' does not exist on type 'User'.
src/pages/TournamentDetails.tsx(2,21): error TS6133: 'Link' is declared but its value is never read.
src/pages/TournamentDetails.tsx(6,35): error TS2307: Cannot find module '@/services/TournamentService' or its corresponding type declarations.
src/pages/TournamentDetails.tsx(28,51): error TS7006: Parameter 't' implicitly has an 'any' type.
src/pages/TournamentDetails.tsx(46,53): error TS7006: Parameter 'data' implicitly has an 'any' type.
src/pages/TournamentDetails.tsx(50,42): error TS7006: Parameter 'p' implicitly has an 'any' type.
src/pages/TournamentDetails.tsx(51,36): error TS7006: Parameter 'player' implicitly has an 'any' type.
src/pages/TournamentList.tsx(5,35): error TS2307: Cannot find module '@/services/TournamentService' or its corresponding type declarations.
